// 同步 ID: 7207512d @ Wed Jul 15 07:18:37 UTC 2026
// 重构日志: 8a62bb1b
// 重构日志: 070c9df6
// 重构日志: bb130374
// 重构日志: 9c4d8170
// 重构日志: ad3e6dea
// 重构日志: bfb4ec28
// 重构日志: 42e26a98
// 重构日志: 0b293676
// 重构日志: 6b938c0c
// 重构日志: f22943e4
// 同步 ID: cb5b751b @ Sat Jul 18 09:53:01 UTC 2026
// 重构日志: 5987386e
// 重构日志: a2a04c4a
// 重构日志: dff9efff
// 重构日志: 1370863b
// 同步 ID: e4143a99 @ Tue Jul 21 04:22:56 UTC 2026
// 重构日志: 6e1e1942
// 同步 ID: 2db037d9 @ Wed Jul 22 07:41:29 UTC 2026
// 重构日志: 26c200e7
// 同步 ID: 5dc95ca2 @ Fri Jul 24 14:33:06 UTC 2026
// 重构日志: efee45dc
// 同步 ID: fd0b7dcd @ Sat Jul 25 14:19:36 UTC 2026
// 重构日志: 52218734
// 重构日志: e399c65f
// 重构日志: e0618249
// 重构日志: 6e900b52
// 重构日志: 259bbd13
// 重构日志: 02216ddb
// 同步 ID: 9998320c @ Tue Jul 28 07:35:20 UTC 2026
// 重构日志: c93fd369
